GET https://aaa.com/
Host: 151.80.70.42:3000


GET https://aaa.com/
Host: 151.80.70.42:3000


200 OK
Headers

Body







